../Core/Src/../Inc/classes.h:38:8:newBall	32	static
../Core/Src/../Inc/classes.h:50:10:newTarget	24	static
../Core/Src/../Inc/classes.h:59:9:newBoard	24	static
../Core/Src/../Inc/classes.h:68:10:newButton	32	static
../Core/Src/../Inc/classes.h:79:6:displayBoard	16	static
../Core/Src/../Inc/classes.h:83:6:displayButton	40	static
../Core/Src/main.c:158:5:main	56	static
../Core/Src/main.c:248:6:SystemClock_Config	88	static
../Core/Src/main.c:289:13:SystemClock_Config2	136	static
../Core/Src/main.c:347:13:MX_CRC_Init	8	static
../Core/Src/main.c:373:13:MX_DMA2D_Init	8	static
../Core/Src/main.c:410:13:MX_I2C3_Init	8	static
../Core/Src/main.c:458:13:MX_LTDC_Init	64	static
../Core/Src/main.c:520:13:MX_RNG_Init	8	static
../Core/Src/main.c:546:13:MX_SPI5_Init	8	static
../Core/Src/main.c:584:13:MX_TIM1_Init	32	static
../Core/Src/main.c:630:13:MX_UART5_Init	8	static
../Core/Src/main.c:663:13:MX_USART1_UART_Init	8	static
../Core/Src/main.c:692:13:MX_FMC_Init	40	static
../Core/Src/main.c:743:13:MX_GPIO_Init	64	static
../Core/Src/main.c:825:19:initializeLCD	16	static
../Core/Src/main.c:837:18:initializeTS	16	static
../Core/Src/main.c:846:6:initializeFont	8	static
../Core/Src/main.c:853:6:fillWithColorLCD	24	static
../Core/Src/main.c:878:6:setActiveFrameBufLCD	16	static
../Core/Src/main.c:887:6:drawBoardAndButtons	40	static
../Core/Src/main.c:904:6:detectTouch	72	static
../Core/Src/main.c:931:10:generate_random_position	24	static
../Core/Src/main.c:941:9:validTouch	16	static
../Core/Src/main.c:957:6:StartDefaultTask	16	static
../Core/Src/main.c:978:6:HAL_TIM_PeriodElapsedCallback	16	static
../Core/Src/main.c:995:6:Error_Handler	4	static,ignoring_inline_asm
